{'phase': 'coding', 'result': {'correct': True, 'explanation': 'This is the correct industry-standard approach for javascript.', 'next_difficulty': 'Hard', 'correct_answer_text': 'Option A'}, 'next_question': {'id': 1, 'skill': 'javascript', 'title': 'Javascript Challenge 1', 'desc': 'Implement the required standard logic for javascript matching remote job requirements.', 'code': '// Write your javascript code here\n', 'lang': 'javascript', 'test_cases': [{'input': 'test', 'expected': 'test'}]}}